------------------------------------------------------------
TimeQuest Timing Analyzer Summary
------------------------------------------------------------

Type  : Slow 1100mV 85C Model Setup 'clock_divider:comb_3|clk_ms'
Slack : -3.245
TNS   : -64.826

Type  : Slow 1100mV 85C Model Setup 'CLOCK_50'
Slack : -2.674
TNS   : -118.168

Type  : Slow 1100mV 85C Model Hold 'CLOCK_50'
Slack : 0.381
TNS   : 0.000

Type  : Slow 1100mV 85C Model Hold 'clock_divider:comb_3|clk_ms'
Slack : 0.422
TNS   : 0.000

Type  : Slow 1100mV 85C Model Minimum Pulse Width 'CLOCK_50'
Slack : -0.394
TNS   : -25.308

Type  : Slow 1100mV 85C Model Minimum Pulse Width 'clock_divider:comb_3|clk_ms'
Slack : -0.394
TNS   : -13.500

Type  : Slow 1100mV 85C Model Minimum Pulse Width 'KEY[2]'
Slack : -0.394
TNS   : -0.541

Type  : Slow 1100mV 0C Model Setup 'clock_divider:comb_3|clk_ms'
Slack : -3.110
TNS   : -62.126

Type  : Slow 1100mV 0C Model Setup 'CLOCK_50'
Slack : -2.921
TNS   : -118.003

Type  : Slow 1100mV 0C Model Hold 'CLOCK_50'
Slack : 0.379
TNS   : 0.000

Type  : Slow 1100mV 0C Model Hold 'clock_divider:comb_3|clk_ms'
Slack : 0.442
TNS   : 0.000

Type  : Slow 1100mV 0C Model Minimum Pulse Width 'CLOCK_50'
Slack : -0.394
TNS   : -27.570

Type  : Slow 1100mV 0C Model Minimum Pulse Width 'clock_divider:comb_3|clk_ms'
Slack : -0.394
TNS   : -13.584

Type  : Slow 1100mV 0C Model Minimum Pulse Width 'KEY[2]'
Slack : -0.394
TNS   : -0.610

Type  : Fast 1100mV 85C Model Setup 'clock_divider:comb_3|clk_ms'
Slack : -2.061
TNS   : -41.212

Type  : Fast 1100mV 85C Model Setup 'CLOCK_50'
Slack : -1.173
TNS   : -49.946

Type  : Fast 1100mV 85C Model Hold 'clock_divider:comb_3|clk_ms'
Slack : 0.156
TNS   : 0.000

Type  : Fast 1100mV 85C Model Hold 'CLOCK_50'
Slack : 0.203
TNS   : 0.000

Type  : Fast 1100mV 85C Model Minimum Pulse Width 'CLOCK_50'
Slack : -0.363
TNS   : -3.974

Type  : Fast 1100mV 85C Model Minimum Pulse Width 'KEY[2]'
Slack : -0.312
TNS   : -0.312

Type  : Fast 1100mV 85C Model Minimum Pulse Width 'clock_divider:comb_3|clk_ms'
Slack : -0.040
TNS   : -0.782

Type  : Fast 1100mV 0C Model Setup 'clock_divider:comb_3|clk_ms'
Slack : -2.020
TNS   : -40.374

Type  : Fast 1100mV 0C Model Setup 'CLOCK_50'
Slack : -1.146
TNS   : -43.232

Type  : Fast 1100mV 0C Model Hold 'clock_divider:comb_3|clk_ms'
Slack : 0.142
TNS   : 0.000

Type  : Fast 1100mV 0C Model Hold 'CLOCK_50'
Slack : 0.192
TNS   : 0.000

Type  : Fast 1100mV 0C Model Minimum Pulse Width 'CLOCK_50'
Slack : -0.363
TNS   : -4.017

Type  : Fast 1100mV 0C Model Minimum Pulse Width 'KEY[2]'
Slack : -0.320
TNS   : -0.320

Type  : Fast 1100mV 0C Model Minimum Pulse Width 'clock_divider:comb_3|clk_ms'
Slack : -0.012
TNS   : -0.222

------------------------------------------------------------
