------------------------------------------------------------
TimeQuest Timing Analyzer Summary
------------------------------------------------------------

Type  : Slow 1100mV 85C Model Setup 'Clock'
Slack : -2.466
TNS   : -101.414

Type  : Slow 1100mV 85C Model Hold 'Clock'
Slack : 0.381
TNS   : 0.000

Type  : Slow 1100mV 85C Model Minimum Pulse Width 'Clock'
Slack : -0.394
TNS   : -23.023

Type  : Slow 1100mV 0C Model Setup 'Clock'
Slack : -2.397
TNS   : -98.988

Type  : Slow 1100mV 0C Model Hold 'Clock'
Slack : 0.378
TNS   : 0.000

Type  : Slow 1100mV 0C Model Minimum Pulse Width 'Clock'
Slack : -0.394
TNS   : -25.042

Type  : Fast 1100mV 85C Model Setup 'Clock'
Slack : -1.054
TNS   : -41.316

Type  : Fast 1100mV 85C Model Hold 'Clock'
Slack : 0.200
TNS   : 0.000

Type  : Fast 1100mV 85C Model Minimum Pulse Width 'Clock'
Slack : -0.082
TNS   : -3.449

Type  : Fast 1100mV 0C Model Setup 'Clock'
Slack : -0.876
TNS   : -34.099

Type  : Fast 1100mV 0C Model Hold 'Clock'
Slack : 0.189
TNS   : 0.000

Type  : Fast 1100mV 0C Model Minimum Pulse Width 'Clock'
Slack : -0.082
TNS   : -3.459

------------------------------------------------------------
