------------------------------------------------------------
TimeQuest Timing Analyzer Summary
------------------------------------------------------------

Type  : Slow 1100mV 85C Model Setup 'clk'
Slack : -4.358
TNS   : -57.482

Type  : Slow 1100mV 85C Model Hold 'clk'
Slack : 0.430
TNS   : 0.000

Type  : Slow 1100mV 85C Model Minimum Pulse Width 'clk'
Slack : -0.394
TNS   : -11.210

Type  : Slow 1100mV 0C Model Setup 'clk'
Slack : -4.542
TNS   : -59.004

Type  : Slow 1100mV 0C Model Hold 'clk'
Slack : 0.435
TNS   : 0.000

Type  : Slow 1100mV 0C Model Minimum Pulse Width 'clk'
Slack : -0.394
TNS   : -11.888

Type  : Fast 1100mV 85C Model Setup 'clk'
Slack : -1.879
TNS   : -24.289

Type  : Fast 1100mV 85C Model Hold 'clk'
Slack : 0.272
TNS   : 0.000

Type  : Fast 1100mV 85C Model Minimum Pulse Width 'clk'
Slack : -0.083
TNS   : -1.712

Type  : Fast 1100mV 0C Model Setup 'clk'
Slack : -1.764
TNS   : -22.331

Type  : Fast 1100mV 0C Model Hold 'clk'
Slack : 0.258
TNS   : 0.000

Type  : Fast 1100mV 0C Model Minimum Pulse Width 'clk'
Slack : -0.081
TNS   : -1.683

------------------------------------------------------------
