------------------------------------------------------------
TimeQuest Timing Analyzer Summary
------------------------------------------------------------

Type  : Slow 1100mV 85C Model Setup 'clk'
Slack : -0.006
TNS   : -0.006

Type  : Slow 1100mV 85C Model Hold 'clk'
Slack : 0.232
TNS   : 0.000

Type  : Slow 1100mV 85C Model Minimum Pulse Width 'clk'
Slack : -0.394
TNS   : -2.100

Type  : Slow 1100mV 0C Model Setup 'clk'
Slack : -0.013
TNS   : -0.019

Type  : Slow 1100mV 0C Model Hold 'clk'
Slack : 0.215
TNS   : 0.000

Type  : Slow 1100mV 0C Model Minimum Pulse Width 'clk'
Slack : -0.394
TNS   : -2.291

Type  : Fast 1100mV 85C Model Setup 'clk'
Slack : 0.384
TNS   : 0.000

Type  : Fast 1100mV 85C Model Hold 'clk'
Slack : 0.134
TNS   : 0.000

Type  : Fast 1100mV 85C Model Minimum Pulse Width 'clk'
Slack : -0.077
TNS   : -0.304

Type  : Fast 1100mV 0C Model Setup 'clk'
Slack : 0.411
TNS   : 0.000

Type  : Fast 1100mV 0C Model Hold 'clk'
Slack : 0.122
TNS   : 0.000

Type  : Fast 1100mV 0C Model Minimum Pulse Width 'clk'
Slack : -0.078
TNS   : -0.306

------------------------------------------------------------
